{
  "info": {
    "version": 1,
    "author": "org.diez.StdlibTestStub.Static"
  },
  "properties": {
    "provides-namespace": true
  }
}