{"version":"2.3.6","fields":["name","type"],"fieldVectors":[["name//Primitives",[14,2.234]],["type//Primitives",[13,1.723]],["name//Primitives#number",[1,2.234]],["type//Primitives#number",[2,1.135]],["name//Primitives#integer",[3,2.234]],["type//Primitives#integer",[4,2.234]],["name//Primitives#float",[2,1.135]],["type//Primitives#float",[2,1.135]],["name//Primitives#string",[5,1.723]],["type//Primitives#string",[5,1.723]],["name//Primitives#boolean",[6,1.723]],["type//Primitives#boolean",[6,1.723]],["name//Primitives/child",[12,2.234]],["type//Primitives/child",[13,1.723]],["name//Primitives/emptyChild",[15,2.234]],["type//Primitives/emptyChild",[16,2.234]],["name//Primitives#referred",[17,2.234]],["type//Primitives#referred",[2,1.135]]],"invertedIndex":[["2",{"_index":10,"name":{},"type":{"/Primitives":{}}}],["3",{"_index":8,"name":{},"type":{"/Primitives":{}}}],["boolean",{"_index":6,"name":{"/Primitives#boolean":{}},"type":{"/Primitives#boolean":{}}}],["child",{"_index":12,"name":{"/Primitives/child":{}},"type":{}}],["childcomponent",{"_index":13,"name":{},"type":{"/Primitives/child":{},"/Primitives":{}}}],["childs",{"_index":14,"name":{"/Primitives":{}},"type":{}}],["emptychild",{"_index":15,"name":{"/Primitives/emptyChild":{}},"type":{}}],["emptycomponent",{"_index":16,"name":{},"type":{"/Primitives/emptyChild":{}}}],["emptylist",{"_index":11,"name":{"/Primitives":{}},"type":{}}],["float",{"_index":2,"name":{"/Primitives#float":{}},"type":{"/Primitives#number":{},"/Primitives#float":{},"/Primitives#referred":{}}}],["int",{"_index":4,"name":{},"type":{"/Primitives#integer":{}}}],["integer",{"_index":3,"name":{"/Primitives#integer":{}},"type":{}}],["integers",{"_index":7,"name":{"/Primitives":{}},"type":{}}],["number",{"_index":1,"name":{"/Primitives#number":{}},"type":{}}],["primitives",{"_index":0,"name":{"/Primitives":{}},"type":{"/Primitives":{}}}],["referred",{"_index":17,"name":{"/Primitives#referred":{}},"type":{}}],["string",{"_index":5,"name":{"/Primitives#string":{}},"type":{"/Primitives#string":{}}}],["strings",{"_index":9,"name":{"/Primitives":{}},"type":{}}]],"pipeline":[]}
